[1/675] safetwin5g-phase7-brace-v2a-train-no_fault-0-resume_upf-1101
[2/675] safetwin5g-phase7-brace-v2a-train-cpu_saturation-2-stop_cpu_stress-1102
[3/675] safetwin5g-phase7-brace-v2a-train-packet_impairment-50-stop_cpu_stress-1101
[4/675] safetwin5g-phase7-brace-v2a-train-packet_impairment-20-stop_cpu_stress-1104
[5/675] safetwin5g-phase7-brace-v2a-train-network_function_interruption-1000-observe_only-1103
[6/675] safetwin5g-phase7-brace-v2a-train-network_function_interruption-1000-stop_cpu_stress-1104
[7/675] safetwin5g-phase7-brace-v2a-train-packet_impairment-50-apply_packet_impairment_25-1103
[8/675] safetwin5g-phase7-brace-v2a-train-packet_impairment-50-clear_packet_impairment-1104
[9/675] safetwin5g-phase7-brace-v2a-train-no_fault-0-resume_upf-1104
[10/675] safetwin5g-phase7-brace-v2a-train-no_fault-0-resume_upf-1102
[11/675] safetwin5g-phase7-brace-v2a-train-cpu_saturation-1-clear_packet_impairment-1103
[12/675] safetwin5g-phase7-brace-v2a-train-network_function_interruption-400-stop_cpu_stress-1101
[13/675] safetwin5g-phase7-brace-v2a-train-cpu_saturation-2-clear_packet_impairment-1104
[14/675] safetwin5g-phase7-brace-v2a-train-network_function_interruption-400-resume_upf-1103
[15/675] safetwin5g-phase7-brace-v2a-train-network_function_interruption-400-clear_packet_impairment-1104
[16/675] safetwin5g-phase7-brace-v2a-train-network_function_interruption-400-observe_only-1104
[17/675] safetwin5g-phase7-brace-v2a-train-no_fault-0-apply_packet_impairment_25-1103
[18/675] safetwin5g-phase7-brace-v2a-train-cpu_saturation-2-apply_packet_impairment_25-1104
[19/675] safetwin5g-phase7-brace-v2a-train-cpu_saturation-1-stop_cpu_stress-1101
[20/675] safetwin5g-phase7-brace-v2a-train-cpu_saturation-1-resume_upf-1104
[21/675] safetwin5g-phase7-brace-v2a-train-network_function_interruption-1000-clear_packet_impairment-1102
[22/675] safetwin5g-phase7-brace-v2a-train-packet_impairment-50-stop_cpu_stress-1103
[23/675] safetwin5g-phase7-brace-v2a-train-network_function_interruption-1000-apply_packet_impairment_25-1103
[24/675] safetwin5g-phase7-brace-v2a-train-packet_impairment-20-clear_packet_impairment-1104
[25/675] safetwin5g-phase7-brace-v2a-train-packet_impairment-20-observe_only-1103
[26/675] safetwin5g-phase7-brace-v2a-train-cpu_saturation-2-stop_cpu_stress-1101
[27/675] safetwin5g-phase7-brace-v2a-train-network_function_interruption-400-stop_cpu_stress-1104
[28/675] safetwin5g-phase7-brace-v2a-train-network_function_interruption-1000-apply_packet_impairment_25-1104
[29/675] safetwin5g-phase7-brace-v2a-train-packet_impairment-20-clear_packet_impairment-1103
[30/675] safetwin5g-phase7-brace-v2a-train-no_fault-0-observe_only-1102
[31/675] safetwin5g-phase7-brace-v2a-train-network_function_interruption-400-apply_packet_impairment_25-1104
[32/675] safetwin5g-phase7-brace-v2a-train-packet_impairment-20-observe_only-1104
[33/675] safetwin5g-phase7-brace-v2a-train-network_function_interruption-1000-clear_packet_impairment-1104
[34/675] safetwin5g-phase7-brace-v2a-train-cpu_saturation-1-apply_packet_impairment_25-1102
[35/675] safetwin5g-phase7-brace-v2a-train-packet_impairment-20-stop_cpu_stress-1101
[36/675] safetwin5g-phase7-brace-v2a-train-network_function_interruption-1000-observe_only-1102
[37/675] safetwin5g-phase7-brace-v2a-train-network_function_interruption-400-observe_only-1101
[38/675] safetwin5g-phase7-brace-v2a-train-network_function_interruption-1000-observe_only-1101
[39/675] safetwin5g-phase7-brace-v2a-train-cpu_saturation-2-clear_packet_impairment-1103
[40/675] safetwin5g-phase7-brace-v2a-train-cpu_saturation-2-apply_packet_impairment_25-1101
[41/675] safetwin5g-phase7-brace-v2a-train-packet_impairment-20-apply_packet_impairment_25-1101
[42/675] safetwin5g-phase7-brace-v2a-train-packet_impairment-50-resume_upf-1104
[43/675] safetwin5g-phase7-brace-v2a-train-packet_impairment-50-resume_upf-1101
[44/675] safetwin5g-phase7-brace-v2a-train-network_function_interruption-400-stop_cpu_stress-1103
[45/675] safetwin5g-phase7-brace-v2a-train-network_function_interruption-400-resume_upf-1101
[46/675] safetwin5g-phase7-brace-v2a-train-packet_impairment-50-stop_cpu_stress-1104
[47/675] safetwin5g-phase7-brace-v2a-train-cpu_saturation-2-clear_packet_impairment-1101
[48/675] safetwin5g-phase7-brace-v2a-train-cpu_saturation-2-observe_only-1102
[49/675] safetwin5g-phase7-brace-v2a-train-network_function_interruption-400-apply_packet_impairment_25-1103
[50/675] safetwin5g-phase7-brace-v2a-train-packet_impairment-20-observe_only-1102
[51/675] safetwin5g-phase7-brace-v2a-train-packet_impairment-20-resume_upf-1101
[52/675] safetwin5g-phase7-brace-v2a-train-no_fault-0-clear_packet_impairment-1101
[53/675] safetwin5g-phase7-brace-v2a-train-cpu_saturation-2-resume_upf-1104
[54/675] safetwin5g-phase7-brace-v2a-train-cpu_saturation-1-stop_cpu_stress-1103
[55/675] safetwin5g-phase7-brace-v2a-train-network_function_interruption-1000-stop_cpu_stress-1101
[56/675] safetwin5g-phase7-brace-v2a-train-network_function_interruption-400-resume_upf-1102
[57/675] safetwin5g-phase7-brace-v2a-train-network_function_interruption-1000-resume_upf-1102
[58/675] safetwin5g-phase7-brace-v2a-train-packet_impairment-20-stop_cpu_stress-1103
[59/675] safetwin5g-phase7-brace-v2a-train-packet_impairment-50-clear_packet_impairment-1102
[60/675] safetwin5g-phase7-brace-v2a-train-packet_impairment-20-apply_packet_impairment_25-1103
[61/675] safetwin5g-phase7-brace-v2a-train-cpu_saturation-1-observe_only-1104
[62/675] safetwin5g-phase7-brace-v2a-train-network_function_interruption-1000-apply_packet_impairment_25-1102
[63/675] safetwin5g-phase7-brace-v2a-train-network_function_interruption-1000-observe_only-1104
[64/675] safetwin5g-phase7-brace-v2a-train-network_function_interruption-1000-resume_upf-1103
[65/675] safetwin5g-phase7-brace-v2a-train-cpu_saturation-2-clear_packet_impairment-1102
[66/675] safetwin5g-phase7-brace-v2a-train-packet_impairment-50-resume_upf-1103
[67/675] safetwin5g-phase7-brace-v2a-train-cpu_saturation-1-observe_only-1101
[68/675] safetwin5g-phase7-brace-v2a-train-cpu_saturation-2-apply_packet_impairment_25-1102
[69/675] safetwin5g-phase7-brace-v2a-train-packet_impairment-50-resume_upf-1102
[70/675] safetwin5g-phase7-brace-v2a-train-network_function_interruption-1000-clear_packet_impairment-1101
[71/675] safetwin5g-phase7-brace-v2a-train-network_function_interruption-1000-resume_upf-1101
[72/675] safetwin5g-phase7-brace-v2a-train-packet_impairment-20-clear_packet_impairment-1102
[73/675] safetwin5g-phase7-brace-v2a-train-cpu_saturation-2-observe_only-1104
[74/675] safetwin5g-phase7-brace-v2a-train-cpu_saturation-1-clear_packet_impairment-1104
[75/675] safetwin5g-phase7-brace-v2a-train-no_fault-0-observe_only-1103
[76/675] safetwin5g-phase7-brace-v2a-train-cpu_saturation-1-stop_cpu_stress-1102
[77/675] safetwin5g-phase7-brace-v2a-train-cpu_saturation-2-resume_upf-1101
[78/675] safetwin5g-phase7-brace-v2a-train-packet_impairment-20-observe_only-1101
[79/675] safetwin5g-phase7-brace-v2a-train-cpu_saturation-2-observe_only-1103
[80/675] safetwin5g-phase7-brace-v2a-train-network_function_interruption-1000-resume_upf-1104
[81/675] safetwin5g-phase7-brace-v2a-train-cpu_saturation-1-apply_packet_impairment_25-1103
[82/675] safetwin5g-phase7-brace-v2a-train-packet_impairment-20-clear_packet_impairment-1101
[83/675] safetwin5g-phase7-brace-v2a-train-cpu_saturation-1-apply_packet_impairment_25-1104
[84/675] safetwin5g-phase7-brace-v2a-train-no_fault-0-stop_cpu_stress-1101
[85/675] safetwin5g-phase7-brace-v2a-train-network_function_interruption-400-observe_only-1103
[86/675] safetwin5g-phase7-brace-v2a-train-packet_impairment-20-resume_upf-1104
[87/675] safetwin5g-phase7-brace-v2a-train-packet_impairment-20-resume_upf-1102
[88/675] safetwin5g-phase7-brace-v2a-train-network_function_interruption-400-observe_only-1102
[89/675] safetwin5g-phase7-brace-v2a-train-network_function_interruption-400-apply_packet_impairment_25-1102
[90/675] safetwin5g-phase7-brace-v2a-train-network_function_interruption-400-clear_packet_impairment-1103
[91/675] safetwin5g-phase7-brace-v2a-train-network_function_interruption-1000-clear_packet_impairment-1103
[92/675] safetwin5g-phase7-brace-v2a-train-cpu_saturation-2-resume_upf-1102
[93/675] safetwin5g-phase7-brace-v2a-train-no_fault-0-clear_packet_impairment-1103
[94/675] safetwin5g-phase7-brace-v2a-train-no_fault-0-apply_packet_impairment_25-1101
[95/675] safetwin5g-phase7-brace-v2a-train-no_fault-0-apply_packet_impairment_25-1104
[96/675] safetwin5g-phase7-brace-v2a-train-packet_impairment-20-apply_packet_impairment_25-1102
[97/675] safetwin5g-phase7-brace-v2a-train-network_function_interruption-400-clear_packet_impairment-1102
[98/675] safetwin5g-phase7-brace-v2a-train-packet_impairment-20-apply_packet_impairment_25-1104
[99/675] safetwin5g-phase7-brace-v2a-train-packet_impairment-50-apply_packet_impairment_25-1102
[100/675] safetwin5g-phase7-brace-v2a-train-no_fault-0-apply_packet_impairment_25-1102
[101/675] safetwin5g-phase7-brace-v2a-train-packet_impairment-50-clear_packet_impairment-1101
[102/675] safetwin5g-phase7-brace-v2a-train-packet_impairment-50-observe_only-1104
[103/675] safetwin5g-phase7-brace-v2a-train-packet_impairment-50-clear_packet_impairment-1103
[104/675] safetwin5g-phase7-brace-v2a-train-cpu_saturation-2-stop_cpu_stress-1103
[105/675] safetwin5g-phase7-brace-v2a-train-cpu_saturation-1-observe_only-1102
[106/675] safetwin5g-phase7-brace-v2a-train-packet_impairment-50-observe_only-1103
[107/675] safetwin5g-phase7-brace-v2a-train-packet_impairment-50-apply_packet_impairment_25-1104
[108/675] safetwin5g-phase7-brace-v2a-train-cpu_saturation-2-observe_only-1101
[109/675] safetwin5g-phase7-brace-v2a-train-no_fault-0-clear_packet_impairment-1102
[110/675] safetwin5g-phase7-brace-v2a-train-cpu_saturation-1-clear_packet_impairment-1102
[111/675] safetwin5g-phase7-brace-v2a-train-cpu_saturation-1-apply_packet_impairment_25-1101
[112/675] safetwin5g-phase7-brace-v2a-train-packet_impairment-50-observe_only-1101
[113/675] safetwin5g-phase7-brace-v2a-train-cpu_saturation-2-stop_cpu_stress-1104
[114/675] safetwin5g-phase7-brace-v2a-train-cpu_saturation-2-resume_upf-1103
[115/675] safetwin5g-phase7-brace-v2a-train-cpu_saturation-2-apply_packet_impairment_25-1103
[116/675] safetwin5g-phase7-brace-v2a-train-network_function_interruption-1000-stop_cpu_stress-1103
[117/675] safetwin5g-phase7-brace-v2a-train-no_fault-0-stop_cpu_stress-1102
[118/675] safetwin5g-phase7-brace-v2a-train-no_fault-0-stop_cpu_stress-1103
[119/675] safetwin5g-phase7-brace-v2a-train-cpu_saturation-1-resume_upf-1102
[120/675] safetwin5g-phase7-brace-v2a-train-cpu_saturation-1-clear_packet_impairment-1101
[121/675] safetwin5g-phase7-brace-v2a-train-no_fault-0-resume_upf-1103
[122/675] safetwin5g-phase7-brace-v2a-train-network_function_interruption-400-stop_cpu_stress-1102
[123/675] safetwin5g-phase7-brace-v2a-train-network_function_interruption-1000-stop_cpu_stress-1102
[124/675] safetwin5g-phase7-brace-v2a-train-no_fault-0-stop_cpu_stress-1104
[125/675] safetwin5g-phase7-brace-v2a-train-cpu_saturation-1-stop_cpu_stress-1104
[126/675] safetwin5g-phase7-brace-v2a-train-no_fault-0-observe_only-1104
[127/675] safetwin5g-phase7-brace-v2a-train-cpu_saturation-1-resume_upf-1101
[128/675] safetwin5g-phase7-brace-v2a-train-packet_impairment-50-observe_only-1102
[129/675] safetwin5g-phase7-brace-v2a-train-no_fault-0-clear_packet_impairment-1104
[130/675] safetwin5g-phase7-brace-v2a-train-cpu_saturation-1-resume_upf-1103
[131/675] safetwin5g-phase7-brace-v2a-train-packet_impairment-50-stop_cpu_stress-1102
[132/675] safetwin5g-phase7-brace-v2a-train-network_function_interruption-400-resume_upf-1104
[133/675] safetwin5g-phase7-brace-v2a-train-network_function_interruption-400-clear_packet_impairment-1101
[134/675] safetwin5g-phase7-brace-v2a-train-no_fault-0-observe_only-1101
[135/675] safetwin5g-phase7-brace-v2a-train-network_function_interruption-1000-apply_packet_impairment_25-1101
[136/675] safetwin5g-phase7-brace-v2a-train-packet_impairment-50-apply_packet_impairment_25-1101
[137/675] safetwin5g-phase7-brace-v2a-train-packet_impairment-20-stop_cpu_stress-1102
[138/675] safetwin5g-phase7-brace-v2a-train-network_function_interruption-400-apply_packet_impairment_25-1101
[139/675] safetwin5g-phase7-brace-v2a-train-cpu_saturation-1-observe_only-1103
[140/675] safetwin5g-phase7-brace-v2a-train-packet_impairment-20-resume_upf-1103
[141/675] safetwin5g-phase7-brace-v2a-calibration-packet_impairment-20-observe_only-1203
[142/675] safetwin5g-phase7-brace-v2a-calibration-cpu_saturation-2-resume_upf-1201
[143/675] safetwin5g-phase7-brace-v2a-calibration-network_function_interruption-400-stop_cpu_stress-1202
[144/675] safetwin5g-phase7-brace-v2a-calibration-network_function_interruption-400-clear_packet_impairment-1203
[145/675] safetwin5g-phase7-brace-v2a-calibration-cpu_saturation-2-stop_cpu_stress-1203
[146/675] safetwin5g-phase7-brace-v2a-calibration-cpu_saturation-2-stop_cpu_stress-1202
[147/675] safetwin5g-phase7-brace-v2a-calibration-packet_impairment-50-apply_packet_impairment_25-1202
[148/675] safetwin5g-phase7-brace-v2a-calibration-cpu_saturation-1-stop_cpu_stress-1203
[149/675] safetwin5g-phase7-brace-v2a-calibration-network_function_interruption-400-resume_upf-1203
[150/675] safetwin5g-phase7-brace-v2a-calibration-packet_impairment-50-observe_only-1203
[151/675] safetwin5g-phase7-brace-v2a-calibration-cpu_saturation-2-resume_upf-1202
[152/675] safetwin5g-phase7-brace-v2a-calibration-network_function_interruption-400-apply_packet_impairment_25-1201
[153/675] safetwin5g-phase7-brace-v2a-calibration-packet_impairment-20-resume_upf-1201
[154/675] safetwin5g-phase7-brace-v2a-calibration-no_fault-0-observe_only-1202
[155/675] safetwin5g-phase7-brace-v2a-calibration-packet_impairment-20-observe_only-1201
[156/675] safetwin5g-phase7-brace-v2a-calibration-packet_impairment-20-clear_packet_impairment-1201
[157/675] safetwin5g-phase7-brace-v2a-calibration-no_fault-0-apply_packet_impairment_25-1203
[158/675] safetwin5g-phase7-brace-v2a-calibration-cpu_saturation-2-apply_packet_impairment_25-1203
[159/675] safetwin5g-phase7-brace-v2a-calibration-network_function_interruption-400-stop_cpu_stress-1201
[160/675] safetwin5g-phase7-brace-v2a-calibration-cpu_saturation-1-clear_packet_impairment-1202
[161/675] safetwin5g-phase7-brace-v2a-calibration-cpu_saturation-1-apply_packet_impairment_25-1202
[162/675] safetwin5g-phase7-brace-v2a-calibration-packet_impairment-50-stop_cpu_stress-1201
[163/675] safetwin5g-phase7-brace-v2a-calibration-cpu_saturation-1-clear_packet_impairment-1201
[164/675] safetwin5g-phase7-brace-v2a-calibration-network_function_interruption-1000-clear_packet_impairment-1202
[165/675] safetwin5g-phase7-brace-v2a-calibration-packet_impairment-20-clear_packet_impairment-1203
[166/675] safetwin5g-phase7-brace-v2a-calibration-packet_impairment-50-clear_packet_impairment-1201
[167/675] safetwin5g-phase7-brace-v2a-calibration-cpu_saturation-2-clear_packet_impairment-1201
[168/675] safetwin5g-phase7-brace-v2a-calibration-network_function_interruption-400-clear_packet_impairment-1202
[169/675] safetwin5g-phase7-brace-v2a-calibration-network_function_interruption-400-resume_upf-1201
[170/675] safetwin5g-phase7-brace-v2a-calibration-packet_impairment-50-resume_upf-1201
[171/675] safetwin5g-phase7-brace-v2a-calibration-packet_impairment-50-resume_upf-1203
[172/675] safetwin5g-phase7-brace-v2a-calibration-network_function_interruption-1000-stop_cpu_stress-1201
[173/675] safetwin5g-phase7-brace-v2a-calibration-packet_impairment-50-observe_only-1202
[174/675] safetwin5g-phase7-brace-v2a-calibration-cpu_saturation-2-stop_cpu_stress-1201
[175/675] safetwin5g-phase7-brace-v2a-calibration-packet_impairment-50-observe_only-1201
[176/675] safetwin5g-phase7-brace-v2a-calibration-cpu_saturation-1-observe_only-1201
[177/675] safetwin5g-phase7-brace-v2a-calibration-no_fault-0-clear_packet_impairment-1202
[178/675] safetwin5g-phase7-brace-v2a-calibration-cpu_saturation-2-observe_only-1202
[179/675] safetwin5g-phase7-brace-v2a-calibration-packet_impairment-50-resume_upf-1202
[180/675] safetwin5g-phase7-brace-v2a-calibration-network_function_interruption-400-resume_upf-1202
[181/675] safetwin5g-phase7-brace-v2a-calibration-no_fault-0-clear_packet_impairment-1201
[182/675] safetwin5g-phase7-brace-v2a-calibration-network_function_interruption-1000-observe_only-1203
[183/675] safetwin5g-phase7-brace-v2a-calibration-packet_impairment-20-resume_upf-1203
[184/675] safetwin5g-phase7-brace-v2a-calibration-network_function_interruption-1000-resume_upf-1202
[185/675] safetwin5g-phase7-brace-v2a-calibration-packet_impairment-20-observe_only-1202
[186/675] safetwin5g-phase7-brace-v2a-calibration-packet_impairment-50-stop_cpu_stress-1202
[187/675] safetwin5g-phase7-brace-v2a-calibration-packet_impairment-50-stop_cpu_stress-1203
[188/675] safetwin5g-phase7-brace-v2a-calibration-cpu_saturation-1-resume_upf-1202
[189/675] safetwin5g-phase7-brace-v2a-calibration-no_fault-0-clear_packet_impairment-1203
[190/675] safetwin5g-phase7-brace-v2a-calibration-network_function_interruption-1000-stop_cpu_stress-1202
[191/675] safetwin5g-phase7-brace-v2a-calibration-cpu_saturation-1-resume_upf-1203
[192/675] safetwin5g-phase7-brace-v2a-calibration-network_function_interruption-400-apply_packet_impairment_25-1202
[193/675] safetwin5g-phase7-brace-v2a-calibration-network_function_interruption-1000-stop_cpu_stress-1203
[194/675] safetwin5g-phase7-brace-v2a-calibration-packet_impairment-20-apply_packet_impairment_25-1203
[195/675] safetwin5g-phase7-brace-v2a-calibration-packet_impairment-50-clear_packet_impairment-1203
[196/675] safetwin5g-phase7-brace-v2a-calibration-cpu_saturation-1-apply_packet_impairment_25-1203
[197/675] safetwin5g-phase7-brace-v2a-calibration-network_function_interruption-1000-apply_packet_impairment_25-1202
[198/675] safetwin5g-phase7-brace-v2a-calibration-network_function_interruption-1000-resume_upf-1203
[199/675] safetwin5g-phase7-brace-v2a-calibration-network_function_interruption-1000-observe_only-1202
[200/675] safetwin5g-phase7-brace-v2a-calibration-packet_impairment-50-clear_packet_impairment-1202
[201/675] safetwin5g-phase7-brace-v2a-calibration-no_fault-0-resume_upf-1202
[202/675] safetwin5g-phase7-brace-v2a-calibration-packet_impairment-20-stop_cpu_stress-1201
[203/675] safetwin5g-phase7-brace-v2a-calibration-cpu_saturation-2-apply_packet_impairment_25-1201
[204/675] safetwin5g-phase7-brace-v2a-calibration-cpu_saturation-2-observe_only-1203
[205/675] safetwin5g-phase7-brace-v2a-calibration-network_function_interruption-1000-clear_packet_impairment-1203
[206/675] safetwin5g-phase7-brace-v2a-calibration-packet_impairment-20-clear_packet_impairment-1202
[207/675] safetwin5g-phase7-brace-v2a-calibration-packet_impairment-20-stop_cpu_stress-1203
[208/675] safetwin5g-phase7-brace-v2a-calibration-no_fault-0-stop_cpu_stress-1202
[209/675] safetwin5g-phase7-brace-v2a-calibration-network_function_interruption-400-clear_packet_impairment-1201
[210/675] safetwin5g-phase7-brace-v2a-calibration-cpu_saturation-1-resume_upf-1201
[211/675] safetwin5g-phase7-brace-v2a-calibration-no_fault-0-resume_upf-1201
[212/675] safetwin5g-phase7-brace-v2a-calibration-packet_impairment-20-stop_cpu_stress-1202
[213/675] safetwin5g-phase7-brace-v2a-calibration-no_fault-0-apply_packet_impairment_25-1201
[214/675] safetwin5g-phase7-brace-v2a-calibration-network_function_interruption-400-stop_cpu_stress-1203
[215/675] safetwin5g-phase7-brace-v2a-calibration-cpu_saturation-1-observe_only-1202
[216/675] safetwin5g-phase7-brace-v2a-calibration-packet_impairment-20-apply_packet_impairment_25-1202
[217/675] safetwin5g-phase7-brace-v2a-calibration-no_fault-0-stop_cpu_stress-1201
[218/675] safetwin5g-phase7-brace-v2a-calibration-cpu_saturation-1-apply_packet_impairment_25-1201
[219/675] safetwin5g-phase7-brace-v2a-calibration-network_function_interruption-400-observe_only-1201
[220/675] safetwin5g-phase7-brace-v2a-calibration-network_function_interruption-1000-clear_packet_impairment-1201
[221/675] safetwin5g-phase7-brace-v2a-calibration-no_fault-0-observe_only-1203
[222/675] safetwin5g-phase7-brace-v2a-calibration-cpu_saturation-1-stop_cpu_stress-1202
[223/675] safetwin5g-phase7-brace-v2a-calibration-cpu_saturation-1-stop_cpu_stress-1201
[224/675] safetwin5g-phase7-brace-v2a-calibration-network_function_interruption-400-observe_only-1203
[225/675] safetwin5g-phase7-brace-v2a-calibration-cpu_saturation-1-clear_packet_impairment-1203
[226/675] safetwin5g-phase7-brace-v2a-calibration-network_function_interruption-1000-apply_packet_impairment_25-1203
[227/675] safetwin5g-phase7-brace-v2a-calibration-no_fault-0-stop_cpu_stress-1203
[228/675] safetwin5g-phase7-brace-v2a-calibration-no_fault-0-apply_packet_impairment_25-1202
[229/675] safetwin5g-phase7-brace-v2a-calibration-packet_impairment-20-resume_upf-1202
[230/675] safetwin5g-phase7-brace-v2a-calibration-cpu_saturation-2-observe_only-1201
[231/675] safetwin5g-phase7-brace-v2a-calibration-cpu_saturation-2-apply_packet_impairment_25-1202
[232/675] safetwin5g-phase7-brace-v2a-calibration-cpu_saturation-2-resume_upf-1203
[233/675] safetwin5g-phase7-brace-v2a-calibration-packet_impairment-20-apply_packet_impairment_25-1201
[234/675] safetwin5g-phase7-brace-v2a-calibration-network_function_interruption-1000-observe_only-1201
[235/675] safetwin5g-phase7-brace-v2a-calibration-no_fault-0-resume_upf-1203
[236/675] safetwin5g-phase7-brace-v2a-calibration-cpu_saturation-2-clear_packet_impairment-1202
[237/675] safetwin5g-phase7-brace-v2a-calibration-network_function_interruption-400-observe_only-1202
[238/675] safetwin5g-phase7-brace-v2a-calibration-packet_impairment-50-apply_packet_impairment_25-1203
[239/675] safetwin5g-phase7-brace-v2a-calibration-network_function_interruption-1000-resume_upf-1201
[240/675] safetwin5g-phase7-brace-v2a-calibration-cpu_saturation-1-observe_only-1203
[241/675] safetwin5g-phase7-brace-v2a-calibration-network_function_interruption-400-apply_packet_impairment_25-1203
[242/675] safetwin5g-phase7-brace-v2a-calibration-network_function_interruption-1000-apply_packet_impairment_25-1201
[243/675] safetwin5g-phase7-brace-v2a-calibration-no_fault-0-observe_only-1201
[244/675] safetwin5g-phase7-brace-v2a-calibration-cpu_saturation-2-clear_packet_impairment-1203
[245/675] safetwin5g-phase7-brace-v2a-calibration-packet_impairment-50-apply_packet_impairment_25-1201
[246/675] safetwin5g-phase7-brace-v2a-test-packet_impairment-50-stop_cpu_stress-1303
[247/675] safetwin5g-phase7-brace-v2a-test-network_function_interruption-400-observe_only-1308
[248/675] safetwin5g-phase7-brace-v2a-test-network_function_interruption-400-apply_packet_impairment_25-1309
[249/675] safetwin5g-phase7-brace-v2a-test-packet_impairment-50-apply_packet_impairment_25-1303
[250/675] safetwin5g-phase7-brace-v2a-test-cpu_saturation-2-apply_packet_impairment_25-1307
[251/675] safetwin5g-phase7-brace-v2a-test-packet_impairment-20-resume_upf-1304
[252/675] safetwin5g-phase7-brace-v2a-test-no_fault-0-resume_upf-1301
[253/675] safetwin5g-phase7-brace-v2a-test-network_function_interruption-1000-apply_packet_impairment_25-1306
[254/675] safetwin5g-phase7-brace-v2a-test-network_function_interruption-400-resume_upf-1304
[255/675] safetwin5g-phase7-brace-v2a-test-packet_impairment-50-resume_upf-1308
[256/675] safetwin5g-phase7-brace-v2a-test-cpu_saturation-1-observe_only-1310
[257/675] safetwin5g-phase7-brace-v2a-test-network_function_interruption-400-apply_packet_impairment_25-1303
[258/675] safetwin5g-phase7-brace-v2a-test-packet_impairment-20-resume_upf-1301
[259/675] safetwin5g-phase7-brace-v2a-test-network_function_interruption-1000-resume_upf-1310
[260/675] safetwin5g-phase7-brace-v2a-test-packet_impairment-50-observe_only-1307
[261/675] safetwin5g-phase7-brace-v2a-test-cpu_saturation-2-clear_packet_impairment-1308
[262/675] safetwin5g-phase7-brace-v2a-test-cpu_saturation-1-clear_packet_impairment-1309
[263/675] safetwin5g-phase7-brace-v2a-test-packet_impairment-50-resume_upf-1305
[264/675] safetwin5g-phase7-brace-v2a-test-packet_impairment-50-observe_only-1308
[265/675] safetwin5g-phase7-brace-v2a-test-cpu_saturation-2-stop_cpu_stress-1307
[266/675] safetwin5g-phase7-brace-v2a-test-packet_impairment-20-observe_only-1303
[267/675] safetwin5g-phase7-brace-v2a-test-network_function_interruption-400-observe_only-1310
[268/675] safetwin5g-phase7-brace-v2a-test-cpu_saturation-1-stop_cpu_stress-1310
[269/675] safetwin5g-phase7-brace-v2a-test-no_fault-0-clear_packet_impairment-1308
[270/675] safetwin5g-phase7-brace-v2a-test-cpu_saturation-2-clear_packet_impairment-1303
[271/675] safetwin5g-phase7-brace-v2a-test-packet_impairment-20-stop_cpu_stress-1309
[272/675] safetwin5g-phase7-brace-v2a-test-cpu_saturation-1-resume_upf-1303
[273/675] safetwin5g-phase7-brace-v2a-test-network_function_interruption-1000-apply_packet_impairment_25-1307
[274/675] safetwin5g-phase7-brace-v2a-test-cpu_saturation-1-clear_packet_impairment-1302
[275/675] safetwin5g-phase7-brace-v2a-test-no_fault-0-stop_cpu_stress-1304
[276/675] safetwin5g-phase7-brace-v2a-test-packet_impairment-20-apply_packet_impairment_25-1305
[277/675] safetwin5g-phase7-brace-v2a-test-packet_impairment-50-apply_packet_impairment_25-1304
[278/675] safetwin5g-phase7-brace-v2a-test-no_fault-0-observe_only-1304
[279/675] safetwin5g-phase7-brace-v2a-test-cpu_saturation-1-resume_upf-1310
[280/675] safetwin5g-phase7-brace-v2a-test-no_fault-0-resume_upf-1309
[281/675] safetwin5g-phase7-brace-v2a-test-network_function_interruption-1000-observe_only-1303
[282/675] safetwin5g-phase7-brace-v2a-test-packet_impairment-20-clear_packet_impairment-1305
[283/675] safetwin5g-phase7-brace-v2a-test-network_function_interruption-400-resume_upf-1306
[284/675] safetwin5g-phase7-brace-v2a-test-cpu_saturation-2-apply_packet_impairment_25-1305
[285/675] safetwin5g-phase7-brace-v2a-test-no_fault-0-observe_only-1301
[286/675] safetwin5g-phase7-brace-v2a-test-packet_impairment-20-clear_packet_impairment-1310
[287/675] safetwin5g-phase7-brace-v2a-test-no_fault-0-stop_cpu_stress-1306
[288/675] safetwin5g-phase7-brace-v2a-test-network_function_interruption-400-apply_packet_impairment_25-1301
[289/675] safetwin5g-phase7-brace-v2a-test-network_function_interruption-1000-clear_packet_impairment-1310
[290/675] safetwin5g-phase7-brace-v2a-test-no_fault-0-clear_packet_impairment-1310
[291/675] safetwin5g-phase7-brace-v2a-test-network_function_interruption-1000-clear_packet_impairment-1307
[292/675] safetwin5g-phase7-brace-v2a-test-network_function_interruption-400-clear_packet_impairment-1303
[293/675] safetwin5g-phase7-brace-v2a-test-network_function_interruption-1000-resume_upf-1307
[294/675] safetwin5g-phase7-brace-v2a-test-packet_impairment-50-apply_packet_impairment_25-1310
[295/675] safetwin5g-phase7-brace-v2a-test-packet_impairment-50-apply_packet_impairment_25-1301
[296/675] safetwin5g-phase7-brace-v2a-test-cpu_saturation-1-stop_cpu_stress-1306
[297/675] safetwin5g-phase7-brace-v2a-test-network_function_interruption-400-clear_packet_impairment-1301
[298/675] safetwin5g-phase7-brace-v2a-test-cpu_saturation-1-resume_upf-1309
[299/675] safetwin5g-phase7-brace-v2a-test-cpu_saturation-2-resume_upf-1305
[300/675] safetwin5g-phase7-brace-v2a-test-packet_impairment-20-apply_packet_impairment_25-1303
[301/675] safetwin5g-phase7-brace-v2a-test-network_function_interruption-400-resume_upf-1309
[302/675] safetwin5g-phase7-brace-v2a-test-network_function_interruption-1000-stop_cpu_stress-1305
[303/675] safetwin5g-phase7-brace-v2a-test-no_fault-0-apply_packet_impairment_25-1309
[304/675] safetwin5g-phase7-brace-v2a-test-cpu_saturation-1-apply_packet_impairment_25-1303
[305/675] safetwin5g-phase7-brace-v2a-test-cpu_saturation-2-apply_packet_impairment_25-1302
[306/675] safetwin5g-phase7-brace-v2a-test-cpu_saturation-1-apply_packet_impairment_25-1304
[307/675] safetwin5g-phase7-brace-v2a-test-cpu_saturation-1-resume_upf-1307
[308/675] safetwin5g-phase7-brace-v2a-test-packet_impairment-20-clear_packet_impairment-1301
[309/675] safetwin5g-phase7-brace-v2a-test-packet_impairment-50-apply_packet_impairment_25-1306
[310/675] safetwin5g-phase7-brace-v2a-test-cpu_saturation-2-resume_upf-1303
[311/675] safetwin5g-phase7-brace-v2a-test-cpu_saturation-2-clear_packet_impairment-1304
[312/675] safetwin5g-phase7-brace-v2a-test-packet_impairment-20-observe_only-1308
[313/675] safetwin5g-phase7-brace-v2a-test-network_function_interruption-400-resume_upf-1303
[314/675] safetwin5g-phase7-brace-v2a-test-network_function_interruption-1000-observe_only-1306
[315/675] safetwin5g-phase7-brace-v2a-test-packet_impairment-50-apply_packet_impairment_25-1308
[316/675] safetwin5g-phase7-brace-v2a-test-cpu_saturation-1-observe_only-1303
[317/675] safetwin5g-phase7-brace-v2a-test-cpu_saturation-2-observe_only-1308
[318/675] safetwin5g-phase7-brace-v2a-test-packet_impairment-50-stop_cpu_stress-1310
[319/675] safetwin5g-phase7-brace-v2a-test-cpu_saturation-2-resume_upf-1306
[320/675] safetwin5g-phase7-brace-v2a-test-cpu_saturation-1-stop_cpu_stress-1305
[321/675] safetwin5g-phase7-brace-v2a-test-cpu_saturation-1-clear_packet_impairment-1305
[322/675] safetwin5g-phase7-brace-v2a-test-network_function_interruption-400-apply_packet_impairment_25-1310
[323/675] safetwin5g-phase7-brace-v2a-test-packet_impairment-50-observe_only-1301
[324/675] safetwin5g-phase7-brace-v2a-test-packet_impairment-20-resume_upf-1310
[325/675] safetwin5g-phase7-brace-v2a-test-network_function_interruption-1000-resume_upf-1309
[326/675] safetwin5g-phase7-brace-v2a-test-network_function_interruption-400-apply_packet_impairment_25-1307
[327/675] safetwin5g-phase7-brace-v2a-test-no_fault-0-observe_only-1307
[328/675] safetwin5g-phase7-brace-v2a-test-no_fault-0-resume_upf-1303
[329/675] safetwin5g-phase7-brace-v2a-test-network_function_interruption-1000-observe_only-1307
[330/675] safetwin5g-phase7-brace-v2a-test-cpu_saturation-1-resume_upf-1302
[331/675] safetwin5g-phase7-brace-v2a-test-cpu_saturation-2-stop_cpu_stress-1309
[332/675] safetwin5g-phase7-brace-v2a-test-no_fault-0-stop_cpu_stress-1310
[333/675] safetwin5g-phase7-brace-v2a-test-cpu_saturation-2-observe_only-1310
[334/675] safetwin5g-phase7-brace-v2a-test-packet_impairment-20-resume_upf-1308
[335/675] safetwin5g-phase7-brace-v2a-test-packet_impairment-50-resume_upf-1301
[336/675] safetwin5g-phase7-brace-v2a-test-cpu_saturation-2-resume_upf-1308
[337/675] safetwin5g-phase7-brace-v2a-test-cpu_saturation-2-stop_cpu_stress-1308
[338/675] safetwin5g-phase7-brace-v2a-test-packet_impairment-50-observe_only-1310
[339/675] safetwin5g-phase7-brace-v2a-test-cpu_saturation-2-observe_only-1303
[340/675] safetwin5g-phase7-brace-v2a-test-network_function_interruption-400-resume_upf-1308
[341/675] safetwin5g-phase7-brace-v2a-test-packet_impairment-20-apply_packet_impairment_25-1301
[342/675] safetwin5g-phase7-brace-v2a-test-cpu_saturation-1-resume_upf-1304
[343/675] safetwin5g-phase7-brace-v2a-test-network_function_interruption-400-observe_only-1307
[344/675] safetwin5g-phase7-brace-v2a-test-network_function_interruption-1000-clear_packet_impairment-1305
[345/675] safetwin5g-phase7-brace-v2a-test-no_fault-0-clear_packet_impairment-1304
[346/675] safetwin5g-phase7-brace-v2a-test-no_fault-0-resume_upf-1305
[347/675] safetwin5g-phase7-brace-v2a-test-no_fault-0-stop_cpu_stress-1303
[348/675] safetwin5g-phase7-brace-v2a-test-packet_impairment-20-stop_cpu_stress-1307
[349/675] safetwin5g-phase7-brace-v2a-test-network_function_interruption-1000-stop_cpu_stress-1310
[350/675] safetwin5g-phase7-brace-v2a-test-network_function_interruption-1000-apply_packet_impairment_25-1303
[351/675] safetwin5g-phase7-brace-v2a-test-packet_impairment-50-stop_cpu_stress-1306
[352/675] safetwin5g-phase7-brace-v2a-test-cpu_saturation-2-clear_packet_impairment-1305
[353/675] safetwin5g-phase7-brace-v2a-test-network_function_interruption-400-resume_upf-1301
[354/675] safetwin5g-phase7-brace-v2a-test-network_function_interruption-1000-stop_cpu_stress-1308
[355/675] safetwin5g-phase7-brace-v2a-test-cpu_saturation-1-observe_only-1302
[356/675] safetwin5g-phase7-brace-v2a-test-cpu_saturation-1-clear_packet_impairment-1303
[357/675] safetwin5g-phase7-brace-v2a-test-packet_impairment-50-resume_upf-1302
[358/675] safetwin5g-phase7-brace-v2a-test-network_function_interruption-400-stop_cpu_stress-1310
[359/675] safetwin5g-phase7-brace-v2a-test-network_function_interruption-400-resume_upf-1307
[360/675] safetwin5g-phase7-brace-v2a-test-packet_impairment-20-resume_upf-1303
[361/675] safetwin5g-phase7-brace-v2a-test-cpu_saturation-1-resume_upf-1308
[362/675] safetwin5g-phase7-brace-v2a-test-cpu_saturation-1-apply_packet_impairment_25-1302
[363/675] safetwin5g-phase7-brace-v2a-test-packet_impairment-20-stop_cpu_stress-1301
[364/675] safetwin5g-phase7-brace-v2a-test-network_function_interruption-1000-clear_packet_impairment-1301
[365/675] safetwin5g-phase7-brace-v2a-test-cpu_saturation-1-apply_packet_impairment_25-1307
[366/675] safetwin5g-phase7-brace-v2a-test-cpu_saturation-1-resume_upf-1301
[367/675] safetwin5g-phase7-brace-v2a-test-packet_impairment-50-apply_packet_impairment_25-1302
[368/675] safetwin5g-phase7-brace-v2a-test-cpu_saturation-1-apply_packet_impairment_25-1309
[369/675] safetwin5g-phase7-brace-v2a-test-cpu_saturation-1-observe_only-1305
[370/675] safetwin5g-phase7-brace-v2a-test-cpu_saturation-1-observe_only-1306
[371/675] safetwin5g-phase7-brace-v2a-test-network_function_interruption-400-apply_packet_impairment_25-1305
[372/675] safetwin5g-phase7-brace-v2a-test-network_function_interruption-400-apply_packet_impairment_25-1302
[373/675] safetwin5g-phase7-brace-v2a-test-packet_impairment-20-apply_packet_impairment_25-1309
[374/675] safetwin5g-phase7-brace-v2a-test-cpu_saturation-2-apply_packet_impairment_25-1310
[375/675] safetwin5g-phase7-brace-v2a-test-packet_impairment-50-observe_only-1309
[376/675] safetwin5g-phase7-brace-v2a-test-network_function_interruption-400-clear_packet_impairment-1309
[377/675] safetwin5g-phase7-brace-v2a-test-cpu_saturation-2-stop_cpu_stress-1302
[378/675] safetwin5g-phase7-brace-v2a-test-cpu_saturation-2-apply_packet_impairment_25-1301
[379/675] safetwin5g-phase7-brace-v2a-test-cpu_saturation-2-stop_cpu_stress-1305
[380/675] safetwin5g-phase7-brace-v2a-test-network_function_interruption-400-resume_upf-1305
[381/675] safetwin5g-phase7-brace-v2a-test-packet_impairment-20-clear_packet_impairment-1307
[382/675] safetwin5g-phase7-brace-v2a-test-packet_impairment-50-resume_upf-1306
[383/675] safetwin5g-phase7-brace-v2a-test-network_function_interruption-1000-stop_cpu_stress-1309
[384/675] safetwin5g-phase7-brace-v2a-test-network_function_interruption-1000-stop_cpu_stress-1303
[385/675] safetwin5g-phase7-brace-v2a-test-network_function_interruption-400-observe_only-1301
[386/675] safetwin5g-phase7-brace-v2a-test-packet_impairment-20-observe_only-1302
[387/675] safetwin5g-phase7-brace-v2a-test-cpu_saturation-2-apply_packet_impairment_25-1306
[388/675] safetwin5g-phase7-brace-v2a-test-network_function_interruption-1000-observe_only-1305
[389/675] safetwin5g-phase7-brace-v2a-test-cpu_saturation-1-stop_cpu_stress-1301
[390/675] safetwin5g-phase7-brace-v2a-test-packet_impairment-50-stop_cpu_stress-1304
[391/675] safetwin5g-phase7-brace-v2a-test-cpu_saturation-2-apply_packet_impairment_25-1309
[392/675] safetwin5g-phase7-brace-v2a-test-no_fault-0-observe_only-1309
[393/675] safetwin5g-phase7-brace-v2a-test-network_function_interruption-1000-apply_packet_impairment_25-1310
[394/675] safetwin5g-phase7-brace-v2a-test-cpu_saturation-2-clear_packet_impairment-1301
[395/675] safetwin5g-phase7-brace-v2a-test-packet_impairment-50-clear_packet_impairment-1307
[396/675] safetwin5g-phase7-brace-v2a-test-cpu_saturation-2-apply_packet_impairment_25-1303
[397/675] safetwin5g-phase7-brace-v2a-test-cpu_saturation-1-apply_packet_impairment_25-1301
[398/675] safetwin5g-phase7-brace-v2a-test-cpu_saturation-2-apply_packet_impairment_25-1304
[399/675] safetwin5g-phase7-brace-v2a-test-cpu_saturation-2-observe_only-1305
[400/675] safetwin5g-phase7-brace-v2a-test-network_function_interruption-1000-resume_upf-1308
[401/675] safetwin5g-phase7-brace-v2a-test-packet_impairment-50-clear_packet_impairment-1308
[402/675] safetwin5g-phase7-brace-v2a-test-network_function_interruption-1000-clear_packet_impairment-1308
[403/675] safetwin5g-phase7-brace-v2a-test-cpu_saturation-1-apply_packet_impairment_25-1310
[404/675] safetwin5g-phase7-brace-v2a-test-no_fault-0-apply_packet_impairment_25-1310
[405/675] safetwin5g-phase7-brace-v2a-test-cpu_saturation-1-stop_cpu_stress-1302
[406/675] safetwin5g-phase7-brace-v2a-test-network_function_interruption-1000-resume_upf-1301
[407/675] safetwin5g-phase7-brace-v2a-test-network_function_interruption-400-stop_cpu_stress-1303
[408/675] safetwin5g-phase7-brace-v2a-test-no_fault-0-clear_packet_impairment-1301
[409/675] safetwin5g-phase7-brace-v2a-test-network_function_interruption-400-stop_cpu_stress-1302
[410/675] safetwin5g-phase7-brace-v2a-test-no_fault-0-resume_upf-1304
[411/675] safetwin5g-phase7-brace-v2a-test-packet_impairment-50-clear_packet_impairment-1305
[412/675] safetwin5g-phase7-brace-v2a-test-packet_impairment-20-stop_cpu_stress-1302
[413/675] safetwin5g-phase7-brace-v2a-test-packet_impairment-50-resume_upf-1309
[414/675] safetwin5g-phase7-brace-v2a-test-no_fault-0-apply_packet_impairment_25-1302
[415/675] safetwin5g-phase7-brace-v2a-test-packet_impairment-20-stop_cpu_stress-1308
[416/675] safetwin5g-phase7-brace-v2a-test-no_fault-0-clear_packet_impairment-1305
[417/675] safetwin5g-phase7-brace-v2a-test-network_function_interruption-400-clear_packet_impairment-1307
[418/675] safetwin5g-phase7-brace-v2a-test-packet_impairment-20-resume_upf-1306
[419/675] safetwin5g-phase7-brace-v2a-test-cpu_saturation-2-observe_only-1309
[420/675] safetwin5g-phase7-brace-v2a-test-no_fault-0-observe_only-1308
[421/675] safetwin5g-phase7-brace-v2a-test-packet_impairment-20-observe_only-1301
[422/675] safetwin5g-phase7-brace-v2a-test-no_fault-0-resume_upf-1310
[423/675] safetwin5g-phase7-brace-v2a-test-network_function_interruption-1000-stop_cpu_stress-1304
[424/675] safetwin5g-phase7-brace-v2a-test-network_function_interruption-1000-resume_upf-1304
[425/675] safetwin5g-phase7-brace-v2a-test-network_function_interruption-1000-clear_packet_impairment-1306
[426/675] safetwin5g-phase7-brace-v2a-test-packet_impairment-50-clear_packet_impairment-1303
[427/675] safetwin5g-phase7-brace-v2a-test-cpu_saturation-1-observe_only-1309
[428/675] safetwin5g-phase7-brace-v2a-test-no_fault-0-stop_cpu_stress-1309
[429/675] safetwin5g-phase7-brace-v2a-test-network_function_interruption-400-resume_upf-1310
[430/675] safetwin5g-phase7-brace-v2a-test-network_function_interruption-1000-apply_packet_impairment_25-1304
[431/675] safetwin5g-phase7-brace-v2a-test-packet_impairment-20-observe_only-1305
[432/675] safetwin5g-phase7-brace-v2a-test-network_function_interruption-1000-resume_upf-1306
[433/675] safetwin5g-phase7-brace-v2a-test-no_fault-0-apply_packet_impairment_25-1301
[434/675] safetwin5g-phase7-brace-v2a-test-cpu_saturation-2-resume_upf-1301
[435/675] safetwin5g-phase7-brace-v2a-test-network_function_interruption-400-stop_cpu_stress-1304
