2026-08-24T04:40:35.677978463Z UERANSIM v3.3.0
2026-08-24T04:40:35.681900742Z [2026-08-24 04:40:35.680] [nas] [info] UE switches to state [MM-DEREGISTERED/PLMN-SEARCH]
2026-08-24T04:40:35.684689096Z [2026-08-24 04:40:35.683] [rrc] [debug] New signal detected for cell[1], total [1] cells in coverage
2026-08-24T04:40:35.686702679Z [2026-08-24 04:40:35.686] [nas] [info] Selected plmn[999/70]
2026-08-24T04:40:38.224327895Z [2026-08-24 04:40:38.224] [rrc] [info] Selected cell plmn[999/70] tac[1] category[SUITABLE]
2026-08-24T04:40:38.225303311Z [2026-08-24 04:40:38.224] [nas] [info] UE switches to state [MM-DEREGISTERED/PS]
2026-08-24T04:40:38.225311871Z [2026-08-24 04:40:38.224] [nas] [info] UE switches to state [MM-DEREGISTERED/NORMAL-SERVICE]
2026-08-24T04:40:38.225313685Z [2026-08-24 04:40:38.225] [nas] [debug] Initial registration required due to [MM-DEREG-NORMAL-SERVICE]
2026-08-24T04:40:38.225794553Z [2026-08-24 04:40:38.225] [nas] [debug] UAC access attempt is allowed for identity[0], category[MO_sig]
2026-08-24T04:40:38.225807995Z [2026-08-24 04:40:38.225] [nas] [debug] Sending Initial Registration
2026-08-24T04:40:38.230045511Z [2026-08-24 04:40:38.228] [nas] [info] UE switches to state [MM-REGISTER-INITIATED]
2026-08-24T04:40:38.230078333Z [2026-08-24 04:40:38.229] [rrc] [debug] Sending RRC Setup Request
2026-08-24T04:40:38.232089921Z [2026-08-24 04:40:38.231] [rrc] [info] RRC connection established
2026-08-24T04:40:38.232162060Z [2026-08-24 04:40:38.231] [rrc] [info] UE switches to state [RRC-CONNECTED]
2026-08-24T04:40:38.232428068Z [2026-08-24 04:40:38.232] [nas] [info] UE switches to state [CM-CONNECTED]
2026-08-24T04:40:38.270048582Z [2026-08-24 04:40:38.269] [nas] [debug] Authentication Request received
2026-08-24T04:40:38.271112952Z [2026-08-24 04:40:38.270] [nas] [debug] Received SQN [000000000000]
2026-08-24T04:40:38.271124539Z [2026-08-24 04:40:38.270] [nas] [debug] SQN-MS [000000000000]
2026-08-24T04:40:38.271690097Z [2026-08-24 04:40:38.270] [nas] [debug] Sending Authentication Failure due to SQN out of range
2026-08-24T04:40:38.305325338Z [2026-08-24 04:40:38.304] [nas] [debug] Authentication Request received
2026-08-24T04:40:38.305354990Z [2026-08-24 04:40:38.304] [nas] [debug] Received SQN [000000000021]
2026-08-24T04:40:38.305356737Z [2026-08-24 04:40:38.304] [nas] [debug] SQN-MS [000000000000]
2026-08-24T04:40:38.319471771Z [2026-08-24 04:40:38.318] [nas] [debug] Security Mode Command received
2026-08-24T04:40:38.319503419Z [2026-08-24 04:40:38.318] [nas] [debug] Selected integrity[2] ciphering[0]
2026-08-24T04:40:38.350832963Z [2026-08-24 04:40:38.349] [nas] [debug] Registration accept received
2026-08-24T04:40:38.350873760Z [2026-08-24 04:40:38.349] [nas] [info] UE switches to state [MM-REGISTERED/NORMAL-SERVICE]
2026-08-24T04:40:38.350875812Z [2026-08-24 04:40:38.349] [nas] [debug] Sending Registration Complete
2026-08-24T04:40:38.350876954Z [2026-08-24 04:40:38.349] [nas] [info] Initial Registration is successful
2026-08-24T04:40:38.350878122Z [2026-08-24 04:40:38.349] [nas] [debug] Sending PDU Session Establishment Request
2026-08-24T04:40:38.350930748Z [2026-08-24 04:40:38.350] [nas] [debug] UAC access attempt is allowed for identity[0], category[MO_sig]
2026-08-24T04:40:38.551596501Z [2026-08-24 04:40:38.551] [nas] [debug] Configuration Update Command received
2026-08-24T04:40:38.571964063Z [2026-08-24 04:40:38.571] [nas] [debug] PDU Session Establishment Accept received
2026-08-24T04:40:38.572138082Z [2026-08-24 04:40:38.571] [nas] [info] PDU Session establishment is successful PSI[1]
2026-08-24T04:40:38.608239527Z [2026-08-24 04:40:38.608] [app] [info] Connection setup for PDU session[1] is successful, TUN interface[uesimtun0, 10.45.0.2] is up.
