 Container safetwin5g-mongodb Starting 
 Container safetwin5g-mongodb Started 
 Container safetwin5g-mongodb Waiting 
 Container safetwin5g-mongodb Healthy 
 Container safetwin5g-open5gs Starting 
 Container safetwin5g-open5gs Started 
 Container safetwin5g-open5gs Waiting 
 Container safetwin5g-open5gs Waiting 
 Container safetwin5g-open5gs Healthy 
 Container safetwin5g-open5gs Healthy 
 Container safetwin5g-prometheus Starting 
 Container safetwin5g-gnb Starting 
 Container safetwin5g-gnb Started 
 Container safetwin5g-gnb Waiting 
 Container safetwin5g-prometheus Started 
 Container safetwin5g-gnb Healthy 
 Container safetwin5g-ue Starting 
 Container safetwin5g-ue Started 
 Container safetwin5g-prometheus Waiting 
 Container safetwin5g-mongodb Waiting 
 Container safetwin5g-open5gs Waiting 
 Container safetwin5g-gnb Waiting 
 Container safetwin5g-ue Waiting 
 Container safetwin5g-prometheus Healthy 
 Container safetwin5g-open5gs Healthy 
 Container safetwin5g-gnb Healthy 
 Container safetwin5g-mongodb Healthy 
 Container safetwin5g-ue Healthy 
