[2026-09-05 02:38:43.796] [rrc] [error] Cell selection failure, no suitable or acceptable cell found
[2026-09-05 02:38:43.797] [rrc] [debug] New signal detected for cell[37], total [1] cells in coverage
[2026-09-05 02:38:45.998] [nas] [error] PLMN selection failure, no cells in coverage
[2026-09-05 02:38:48.200] [nas] [error] PLMN selection failure, no cells in coverage
[2026-09-05 02:38:48.329] [nas] [info] Selected plmn[999/70]
[2026-09-05 02:38:48.330] [rrc] [info] Selected cell plmn[999/70] tac[1] category[SUITABLE]
[2026-09-05 02:38:48.330] [nas] [info] UE switches to state [MM-REGISTERED/PS]
[2026-09-05 02:38:48.330] [nas] [info] UE switches to state [MM-REGISTERED/NORMAL-SERVICE]
[2026-09-05 02:42:56.156] [rrc] [debug] Signal lost for cell[37], total [0] cells in coverage
[2026-09-05 02:42:56.157] [rrc] [debug] New signal detected for cell[38], total [1] cells in coverage
[2026-09-05 02:42:56.157] [nas] [info] UE switches to state [MM-REGISTERED/PS]
[2026-09-05 02:42:56.157] [nas] [info] UE switches to state [MM-REGISTERED/PLMN-SEARCH]
[2026-09-05 02:42:58.529] [rrc] [info] Selected cell plmn[999/70] tac[1] category[SUITABLE]
[2026-09-05 02:42:58.529] [nas] [info] UE switches to state [MM-REGISTERED/PS]
[2026-09-05 02:42:58.529] [nas] [info] UE switches to state [MM-REGISTERED/NORMAL-SERVICE]
[2026-09-05 02:49:46.141] [rrc] [debug] Signal lost for cell[38], total [0] cells in coverage
[2026-09-05 02:49:46.141] [rrc] [debug] New signal detected for cell[39], total [1] cells in coverage
[2026-09-05 02:49:46.142] [rrc] [warning] Suitable cell selection failed in [1] cells. [0] out of PLMN, [1] no SI, [0] reserved, [0] barred, ftai [0]
[2026-09-05 02:49:46.142] [nas] [info] UE switches to state [MM-REGISTERED/PS]
[2026-09-05 02:49:46.142] [nas] [info] UE switches to state [MM-REGISTERED/PLMN-SEARCH]
[2026-09-05 02:49:46.142] [rrc] [warning] Acceptable cell selection failed in [1] cells. [1] no SI, [0] reserved, [0] barred, ftai [0]
[2026-09-05 02:49:46.142] [rrc] [error] Cell selection failure, no suitable or acceptable cell found
[2026-09-05 02:49:46.143] [nas] [error] PLMN selection failure, no cells in coverage
[2026-09-05 02:49:46.145] [nas] [info] Selected plmn[999/70]
[2026-09-05 02:49:46.145] [rrc] [info] Selected cell plmn[999/70] tac[1] category[SUITABLE]
[2026-09-05 02:49:46.146] [nas] [info] UE switches to state [MM-REGISTERED/PS]
[2026-09-05 02:49:46.146] [nas] [info] UE switches to state [MM-REGISTERED/NORMAL-SERVICE]
[2026-09-05 02:50:17.839] [rrc] [debug] Signal lost for cell[39], total [0] cells in coverage
[2026-09-05 02:50:17.839] [rrc] [debug] New signal detected for cell[40], total [1] cells in coverage
[2026-09-05 02:50:17.839] [nas] [info] UE switches to state [MM-REGISTERED/PS]
[2026-09-05 02:50:17.839] [nas] [info] UE switches to state [MM-REGISTERED/PLMN-SEARCH]
[2026-09-05 02:50:19.132] [rrc] [info] Selected cell plmn[999/70] tac[1] category[SUITABLE]
[2026-09-05 02:50:19.132] [nas] [info] UE switches to state [MM-REGISTERED/PS]
[2026-09-05 02:50:19.133] [nas] [info] UE switches to state [MM-REGISTERED/NORMAL-SERVICE]
[2026-09-05 02:50:49.349] [rrc] [debug] Signal lost for cell[40], total [0] cells in coverage
[2026-09-05 02:50:49.349] [rrc] [debug] New signal detected for cell[41], total [1] cells in coverage
[2026-09-05 02:50:49.349] [rrc] [warning] Suitable cell selection failed in [1] cells. [0] out of PLMN, [1] no SI, [0] reserved, [0] barred, ftai [0]
[2026-09-05 02:50:49.349] [nas] [info] UE switches to state [MM-REGISTERED/PS]
[2026-09-05 02:50:49.349] [rrc] [warning] Acceptable cell selection failed in [1] cells. [1] no SI, [0] reserved, [0] barred, ftai [0]
[2026-09-05 02:50:49.349] [rrc] [error] Cell selection failure, no suitable or acceptable cell found
[2026-09-05 02:50:49.349] [nas] [info] UE switches to state [MM-REGISTERED/PLMN-SEARCH]
[2026-09-05 02:50:49.349] [nas] [error] PLMN selection failure, no cells in coverage
[2026-09-05 02:50:49.350] [nas] [info] Selected plmn[999/70]
[2026-09-05 02:50:49.350] [rrc] [info] Selected cell plmn[999/70] tac[1] category[SUITABLE]
[2026-09-05 02:50:49.350] [nas] [info] UE switches to state [MM-REGISTERED/PS]
[2026-09-05 02:50:49.350] [nas] [info] UE switches to state [MM-REGISTERED/NORMAL-SERVICE]
[2026-09-05 02:51:21.070] [rrc] [debug] Signal lost for cell[41], total [0] cells in coverage
[2026-09-05 02:51:21.070] [nas] [info] UE switches to state [MM-REGISTERED/PS]
[2026-09-05 02:51:21.070] [nas] [info] UE switches to state [MM-REGISTERED/PLMN-SEARCH]
[2026-09-05 02:51:21.070] [nas] [error] PLMN selection failure, no cells in coverage
[2026-09-05 02:51:21.071] [rrc] [debug] New signal detected for cell[42], total [1] cells in coverage
[2026-09-05 02:51:21.072] [nas] [info] Selected plmn[999/70]
[2026-09-05 02:51:21.073] [rrc] [info] Selected cell plmn[999/70] tac[1] category[SUITABLE]
[2026-09-05 02:51:21.073] [nas] [info] UE switches to state [MM-REGISTERED/PS]
[2026-09-05 02:51:21.073] [nas] [info] UE switches to state [MM-REGISTERED/NORMAL-SERVICE]
[2026-09-05 02:52:56.086] [rrc] [debug] Signal lost for cell[42], total [0] cells in coverage
[2026-09-05 02:52:56.086] [rrc] [warning] Suitable cell selection failed, no cell is in coverage
[2026-09-05 02:52:56.086] [rrc] [warning] Acceptable cell selection failed, no cell is in coverage
[2026-09-05 02:52:56.086] [rrc] [error] Cell selection failure, no suitable or acceptable cell found
[2026-09-05 02:52:56.086] [nas] [info] UE switches to state [MM-REGISTERED/PS]
[2026-09-05 02:52:56.086] [nas] [info] UE switches to state [MM-REGISTERED/PLMN-SEARCH]
[2026-09-05 02:52:56.086] [nas] [error] PLMN selection failure, no cells in coverage
[2026-09-05 02:52:56.086] [rrc] [debug] New signal detected for cell[43], total [1] cells in coverage
[2026-09-05 02:52:58.288] [nas] [error] PLMN selection failure, no cells in coverage
[2026-09-05 02:53:00.490] [nas] [error] PLMN selection failure, no cells in coverage
[2026-09-05 02:53:01.591] [nas] [info] UE switches to state [MM-REGISTERED/NO-CELL-AVAILABLE]
[2026-09-05 02:53:06.087] [nas] [info] Selected plmn[999/70]
[2026-09-05 02:53:06.088] [rrc] [info] Selected cell plmn[999/70] tac[1] category[SUITABLE]
[2026-09-05 02:53:06.088] [nas] [info] UE switches to state [MM-REGISTERED/PS]
[2026-09-05 02:53:06.088] [nas] [info] UE switches to state [MM-REGISTERED/NORMAL-SERVICE]
[2026-09-05 03:36:12.459] [rrc] [debug] Signal lost for cell[43], total [0] cells in coverage
[2026-09-05 03:36:12.460] [rrc] [debug] New signal detected for cell[44], total [1] cells in coverage
[2026-09-05 03:36:12.461] [rrc] [warning] Suitable cell selection failed in [1] cells. [0] out of PLMN, [1] no SI, [0] reserved, [0] barred, ftai [0]
[2026-09-05 03:36:12.461] [rrc] [warning] Acceptable cell selection failed in [1] cells. [1] no SI, [0] reserved, [0] barred, ftai [0]
[2026-09-05 03:36:12.461] [rrc] [error] Cell selection failure, no suitable or acceptable cell found
[2026-09-05 03:36:12.461] [nas] [info] UE switches to state [MM-REGISTERED/PS]
[2026-09-05 03:36:12.461] [nas] [info] UE switches to state [MM-REGISTERED/PLMN-SEARCH]
[2026-09-05 03:36:14.961] [rrc] [info] Selected cell plmn[999/70] tac[1] category[SUITABLE]
[2026-09-05 03:36:14.961] [nas] [info] UE switches to state [MM-REGISTERED/PS]
[2026-09-05 03:36:14.961] [nas] [info] UE switches to state [MM-REGISTERED/NORMAL-SERVICE]
