[
    {
        "Id": "sha256:2a5c01c503927c44a6b45f8b074491ac64a42fc3a444ea2af0a8cbe5df8e537e",
        "RepoTags": [
            "safetwin5g/ueransim:3.3.0-reconnect-r2"
        ],
        "RepoDigests": [
            "safetwin5g/ueransim@sha256:2a5c01c503927c44a6b45f8b074491ac64a42fc3a444ea2af0a8cbe5df8e537e"
        ],
        "Comment": "buildkit.dockerfile.v0",
        "Created": "2026-09-05T07:15:55.498017761Z",
        "Config": {
            "Env": [
                "PATH=/usr/local/sbin:/usr/local/bin:/usr/sbin:/usr/bin:/sbin:/bin",
                "DEBIAN_FRONTEND=noninteractive",
                "LD_LIBRARY_PATH=/opt/ueransim/bin",
                "CMAKE_BUILD_PARALLEL_LEVEL=2"
            ],
            "Cmd": [
                "bash"
            ],
            "WorkingDir": "/opt/ueransim",
            "Labels": {
                "com.docker.compose.project": "safetwin5g-sandbox",
                "com.docker.compose.service": "ueransim-gnb",
                "com.docker.compose.version": "5.1.3",
                "org.opencontainers.image.source": "https://github.com/aligungr/UERANSIM",
                "org.opencontainers.image.title": "SafeTwin-5G UERANSIM sandbox",
                "org.opencontainers.image.version": "3.3.0",
                "safetwin5g.derived.base.image": "sha256:13705fc29922cf019e8c7992b5b04b9c6c584d3848d29689f1d3db64334ae725",
                "safetwin5g.derived.claim": "engineering-candidate-not-network-validated",
                "safetwin5g.derived.revision": "reconnect-r2",
                "safetwin5g.derived.source.sha256": "39f0998064342edbb2c4853e9b05b6d4fe571ac5e31accc4204ec538ed0a57e7",
                "safetwin5g.radio.evidence": "simulated",
                "safetwin5g.upstream.commit": "6bf5a1a96aaef6ae8778b9d8b477ac6e2bbf8156"
            }
        },
        "Architecture": "amd64",
        "Os": "linux",
        "Size": 206457155,
        "RootFS": {
            "Type": "layers",
            "Layers": [
                "sha256:66462cc862fe2053b9863fefa3866e07bb5dfb06f6b3ce3177cc096e4021aabe",
                "sha256:1f0f770a133c9c9be93ca473d1106aaa6e151b359f46b069eb8df9e1521463d7",
                "sha256:5f70bf18a086007016e948b04aed3b82103a36bea41755b6cddfaf10ace3c6ef",
                "sha256:74204bf1184286dc4a4fe99b88f8eb5298af5d38fce5daed7a522019ea4c0828",
                "sha256:5f70bf18a086007016e948b04aed3b82103a36bea41755b6cddfaf10ace3c6ef",
                "sha256:b8318620423b687e65f6d18588aa39e229384513602c74c8e90c14d059a03faa",
                "sha256:ae0b72a2835ead27e7328ef105e7d43f4ca5c3a2b250b96aeba10ed70ab2599a",
                "sha256:5f70bf18a086007016e948b04aed3b82103a36bea41755b6cddfaf10ace3c6ef",
                "sha256:cf279f180bedca703274a7f446a41d20d6b3d52444275bbeac7b18a6f1c892c0",
                "sha256:5f70bf18a086007016e948b04aed3b82103a36bea41755b6cddfaf10ace3c6ef",
                "sha256:b479a087298cf4a3fe3c56e361d19c269ead2650d314082216e462066f527af3",
                "sha256:becb572c0b772fd898bfdb9aea94c5595cbacc219f3687d0efd5debc0f90afe1",
                "sha256:5f70bf18a086007016e948b04aed3b82103a36bea41755b6cddfaf10ace3c6ef"
            ]
        },
        "Metadata": {
            "LastTagTime": "2026-09-05T07:15:57.215664126Z"
        },
        "Descriptor": {
            "mediaType": "application/vnd.oci.image.index.v1+json",
            "digest": "sha256:2a5c01c503927c44a6b45f8b074491ac64a42fc3a444ea2af0a8cbe5df8e537e",
            "size": 856
        },
        "Identity": {
            "Build": [
                {
                    "Ref": "uqzxm91jc6pn0lkshj4ka2sik",
                    "CreatedAt": "2026-09-05T07:15:57.989145951Z"
                }
            ]
        }
    }
]
