[
    {
        "Id": "sha256:13705fc29922cf019e8c7992b5b04b9c6c584d3848d29689f1d3db64334ae725",
        "RepoTags": [
            "safetwin5g/ueransim:3.3.0-6bf5a1a9"
        ],
        "RepoDigests": [
            "safetwin5g/ueransim@sha256:13705fc29922cf019e8c7992b5b04b9c6c584d3848d29689f1d3db64334ae725"
        ],
        "Comment": "buildkit.dockerfile.v0",
        "Created": "2026-08-24T04:25:05.973562658Z",
        "Config": {
            "Env": [
                "PATH=/usr/local/sbin:/usr/local/bin:/usr/sbin:/usr/bin:/sbin:/bin",
                "DEBIAN_FRONTEND=noninteractive",
                "LD_LIBRARY_PATH=/opt/ueransim/bin"
            ],
            "Cmd": [
                "bash"
            ],
            "WorkingDir": "/opt/ueransim",
            "Labels": {
                "com.docker.compose.project": "safetwin5g-sandbox",
                "com.docker.compose.service": "ueransim-gnb",
                "com.docker.compose.version": "5.1.3",
                "org.opencontainers.image.source": "https://github.com/aligungr/UERANSIM",
                "org.opencontainers.image.title": "SafeTwin-5G UERANSIM sandbox",
                "org.opencontainers.image.version": "3.3.0",
                "safetwin5g.radio.evidence": "simulated",
                "safetwin5g.upstream.commit": "6bf5a1a96aaef6ae8778b9d8b477ac6e2bbf8156"
            }
        },
        "Architecture": "amd64",
        "Os": "linux",
        "Size": 184184222,
        "RootFS": {
            "Type": "layers",
            "Layers": [
                "sha256:66462cc862fe2053b9863fefa3866e07bb5dfb06f6b3ce3177cc096e4021aabe",
                "sha256:1f0f770a133c9c9be93ca473d1106aaa6e151b359f46b069eb8df9e1521463d7",
                "sha256:5f70bf18a086007016e948b04aed3b82103a36bea41755b6cddfaf10ace3c6ef",
                "sha256:74204bf1184286dc4a4fe99b88f8eb5298af5d38fce5daed7a522019ea4c0828",
                "sha256:5f70bf18a086007016e948b04aed3b82103a36bea41755b6cddfaf10ace3c6ef"
            ]
        },
        "Metadata": {
            "LastTagTime": "2026-08-24T04:25:17.663572938Z"
        },
        "Descriptor": {
            "mediaType": "application/vnd.oci.image.index.v1+json",
            "digest": "sha256:13705fc29922cf019e8c7992b5b04b9c6c584d3848d29689f1d3db64334ae725",
            "size": 856
        },
        "Identity": {
            "Pull": [
                {
                    "Repository": "docker.io/safetwin5g/ueransim"
                }
            ],
            "Build": [
                {
                    "Ref": "yd1m7ey3rnykf7pftk12o6sve",
                    "CreatedAt": "2026-08-24T04:25:22.12608803Z"
                }
            ]
        }
    }
]
