[
  {
    "Name": "/safetwin5g-gnb",
    "Id": "6a592da5db920d2426f7b7e381d0965aa55da0175d970a25fee8890f269c01a6",
    "Image": "sha256:13705fc29922cf019e8c7992b5b04b9c6c584d3848d29689f1d3db64334ae725",
    "RestartCount": 0,
    "Config": {
      "redacted": true,
      "equality_hmac_sha256": "f9c3ac3a7c34e653e1d0fd2acb1fc7143ce664a6777a23b6fa12ea8d4c5bc8a2"
    },
    "HostConfig": {
      "redacted": true,
      "equality_hmac_sha256": "033408cdbcf500550476ef6f7328f0697dfbbca646026e0335303558afbb82e6"
    },
    "Mounts": [
      {
        "Destination": "/etc/ueransim/gnb.yaml",
        "redacted": true,
        "equality_hmac_sha256": "75e62a39293f29f23bc23fd558dbe841f152c0a9a4f0c9df376ea9c190422e9c"
      }
    ],
    "State": {
      "StartedAt": "2026-09-05T08:26:36.185234215Z",
      "FinishedAt": "2026-09-05T08:26:35.996302458Z",
      "Running": true,
      "Paused": false,
      "Restarting": false
    }
  },
  {
    "Name": "/nirikshak-lm-backend-1",
    "Id": "e8f02ddcbafb6dcc66ad5476bcecf3a749e86fd3e9531e2cfca9d52427922d07",
    "Image": "sha256:2145ac0f55bb5271c3f5265edbff7113d50eabc4198e72d1a2760b422d0c51fe",
    "RestartCount": 0,
    "Config": {
      "redacted": true,
      "equality_hmac_sha256": "cd69a49f95cceb528d379dce4003855d40b6105dcb93c4bb8892aa77ae57ae0d"
    },
    "HostConfig": {
      "redacted": true,
      "equality_hmac_sha256": "9e68485e4d49bc659abb2cc82ae712f2b18d57372b703621e3a6648c9007eb81"
    },
    "Mounts": [
      {
        "Destination": "/data",
        "redacted": true,
        "equality_hmac_sha256": "b7b12939b16c0f401bb0f6035aee75fbb391accf2eab93f0f5b77f655c84d3c9"
      }
    ],
    "State": {
      "StartedAt": "2026-09-05T01:50:59.713764963Z",
      "FinishedAt": "2026-09-05T01:50:57.945778533Z",
      "Running": true,
      "Paused": false,
      "Restarting": false
    }
  },
  {
    "Name": "/nirikshak-lm-frontend-1",
    "Id": "c1b2b948a5904d1c3c061b206d01e1cd2679cd121c7ea9180d844b675bd16d76",
    "Image": "sha256:d2a1c390da848beda8de20b159aa5693879a3ee7209fb21e29617df1fbdcaa01",
    "RestartCount": 0,
    "Config": {
      "redacted": true,
      "equality_hmac_sha256": "b4d168253ad3b079c50e72c260799a2f756bd5334028d98b474e040d6b0953fe"
    },
    "HostConfig": {
      "redacted": true,
      "equality_hmac_sha256": "a457ef7eea239ae22e9059fa3e3cc5df3bfe76a9fe7655c6913286dc5a20748f"
    },
    "Mounts": [],
    "State": {
      "StartedAt": "2026-09-05T01:50:59.71462172Z",
      "FinishedAt": "2026-09-05T01:50:57.946207125Z",
      "Running": true,
      "Paused": false,
      "Restarting": false
    }
  },
  {
    "Name": "/nirikshak-lm-db-1",
    "Id": "09f1b0c5aad709330b8a97901c5a6dcb91680da9d0dd5ca309d9995a74045ad7",
    "Image": "sha256:18cfe3ef5e6815560c98237d6216d1e5119702fb0f3894c8785dd58b8bbe5d73",
    "RestartCount": 0,
    "Config": {
      "redacted": true,
      "equality_hmac_sha256": "a3dffd321b6e61b7fe1ad95abcb2107d389e3046ca5b3bba2836bccc30f301a4"
    },
    "HostConfig": {
      "redacted": true,
      "equality_hmac_sha256": "ea2ee692861a54028a00e9c8ab2dc0e5b47665afa77356cc77b945fb584285a2"
    },
    "Mounts": [
      {
        "Destination": "/var/lib/postgresql/data",
        "redacted": true,
        "equality_hmac_sha256": "ed5caf60ec7d874e9745b2cf97087c3855f862b35cd4bc79a09fe193aaa9d1cf"
      }
    ],
    "State": {
      "StartedAt": "2026-09-05T01:50:59.715649161Z",
      "FinishedAt": "2026-09-05T01:50:57.945653776Z",
      "Running": true,
      "Paused": false,
      "Restarting": false
    }
  },
  {
    "Name": "/nvg-emulator-v2",
    "Id": "a096cf7cb45be90743b7987cbcda647df81bb5b6fbf809ee7c181975864f660e",
    "Image": "sha256:3c1f2fd611a31d8b270587805510f3d91de6b67b862a01235e90ead909964599",
    "RestartCount": 0,
    "Config": {
      "redacted": true,
      "equality_hmac_sha256": "43c11776f0089bcf4ad0cff6450e96a051a45ab923d6d7915069e91341b02c11"
    },
    "HostConfig": {
      "redacted": true,
      "equality_hmac_sha256": "32625012dd01890d2eead40a37d0f1955a18abf0d8d8596c06494fc5e10ffb9e"
    },
    "Mounts": [],
    "State": {
      "StartedAt": "2026-08-26T09:27:29.213670322Z",
      "FinishedAt": "2026-08-26T09:34:02.863689116Z",
      "Running": false,
      "Paused": false,
      "Restarting": false
    }
  },
  {
    "Name": "/nvg-v2-batfish",
    "Id": "01e3f45d8ed13b810098b3ab4c2c6684ad3b0b7943dde49371f387ceb1bc3052",
    "Image": "sha256:09817554db90e2f2674b72562c2d659427094187de0a3dfc23534ab58bf26207",
    "RestartCount": 0,
    "Config": {
      "redacted": true,
      "equality_hmac_sha256": "b351573d1561e0df56b599e8c5f29566780f088d8d2fe97fc775f7d52e56f0f0"
    },
    "HostConfig": {
      "redacted": true,
      "equality_hmac_sha256": "094393ada8557b2a09417b900f37918563c9a8aaafac73d0e5299e772cdb5881"
    },
    "Mounts": [],
    "State": {
      "StartedAt": "2026-08-26T07:39:13.863794327Z",
      "FinishedAt": "2026-08-26T08:10:13.939234821Z",
      "Running": false,
      "Paused": false,
      "Restarting": false
    }
  },
  {
    "Name": "/netverify-batfish",
    "Id": "af888ecf86353bc582c0b73cd562dd46fb3744e569a661e43dbd50339552dd80",
    "Image": "sha256:09817554db90e2f2674b72562c2d659427094187de0a3dfc23534ab58bf26207",
    "RestartCount": 0,
    "Config": {
      "redacted": true,
      "equality_hmac_sha256": "094d0e040ede84bd99b52959cd29c3ba689277a2ded5d4c360ec001c40a69732"
    },
    "HostConfig": {
      "redacted": true,
      "equality_hmac_sha256": "d31b17cccb5bc786eb13aadb404f8b70d157d47b78f671e739f5a7ccb354ac38"
    },
    "Mounts": [],
    "State": {
      "StartedAt": "2026-08-25T05:47:06.837405874Z",
      "FinishedAt": "2026-08-25T07:22:04.429900867Z",
      "Running": false,
      "Paused": false,
      "Restarting": false
    }
  },
  {
    "Name": "/safetwin5g-prometheus",
    "Id": "d6958d142a6d2f1f258c5bd6c634817ef9e10b9b39fd24d78b13daab39c13085",
    "Image": "sha256:508729e0e2d18e11fd742a5a5ca70e557b940a93948c3c95fd0123a6fd538b69",
    "RestartCount": 0,
    "Config": {
      "redacted": true,
      "equality_hmac_sha256": "c2bf4abd706572cfa8ef6349057e07c381d76bfe337e519a7a158f287ed6d2f0"
    },
    "HostConfig": {
      "redacted": true,
      "equality_hmac_sha256": "c52ede773fc4cf2b77d4f8561c762c1a63e350b9ef462b6254f5269289440f91"
    },
    "Mounts": [
      {
        "Destination": "/etc/prometheus/prometheus.yml",
        "redacted": true,
        "equality_hmac_sha256": "68c9401070f1f3fedb73127bb1408f96128efa5332c97eb266439c8c2f9913a3"
      },
      {
        "Destination": "/prometheus",
        "redacted": true,
        "equality_hmac_sha256": "7f2dd57688d3431f29c8771be8c768fbd426408d6eba88654e9ef913654b5358"
      }
    ],
    "State": {
      "StartedAt": "2026-09-05T01:52:50.469333517Z",
      "FinishedAt": "2026-09-05T01:50:57.945600529Z",
      "Running": true,
      "Paused": false,
      "Restarting": false
    }
  },
  {
    "Name": "/safetwin5g-ue",
    "Id": "9dc934d88c8d7a5207a1eb4592a0ddf85ce84ccc10ec7e236fe9ea2a377792eb",
    "Image": "sha256:13705fc29922cf019e8c7992b5b04b9c6c584d3848d29689f1d3db64334ae725",
    "RestartCount": 0,
    "Config": {
      "redacted": true,
      "equality_hmac_sha256": "29e4e133f07d2633e4168cc6cac4a762550076cb52b87d29be7b22d2ea977e4d"
    },
    "HostConfig": {
      "redacted": true,
      "equality_hmac_sha256": "5a60564fadd5a29fa5665fb095361de111e256405099708e8d80f2d4eaf9f960"
    },
    "Mounts": [
      {
        "Destination": "/etc/ueransim/ue.yaml",
        "redacted": true,
        "equality_hmac_sha256": "9037b0f6735e3751d54ac4b38ed32b979d26f2f97e967c30b36fc428d6451741"
      }
    ],
    "State": {
      "StartedAt": "2026-09-05T08:26:43.218129091Z",
      "FinishedAt": "2026-09-05T08:26:43.076168399Z",
      "Running": true,
      "Paused": false,
      "Restarting": false
    }
  },
  {
    "Name": "/safetwin5g-open5gs",
    "Id": "6e6b340a37e6de6426cd2829f5eabe8fd63f323619cc093a3557fc5a16ac9256",
    "Image": "sha256:ee78a5756bc0592772d814fbb5746ef4d97b2cf0003416c78d32d7f59a616e9a",
    "RestartCount": 0,
    "Config": {
      "redacted": true,
      "equality_hmac_sha256": "6cd955af969ac16094898b562ae513be82ffbf0718931c3af8e44ee1c2cb932f"
    },
    "HostConfig": {
      "redacted": true,
      "equality_hmac_sha256": "fa859727b368917969e10f387ca344c8f02cf19ef72080c50a7b7f8c5cd8b7da"
    },
    "Mounts": [],
    "State": {
      "StartedAt": "2026-09-05T08:26:29.055943877Z",
      "FinishedAt": "2026-09-05T08:26:28.901960514Z",
      "Running": true,
      "Paused": false,
      "Restarting": false
    }
  },
  {
    "Name": "/safetwin5g-mongodb",
    "Id": "5514b44b708bb5cbde9b911a4698ece3abf219a01767beff06f060078326c1a9",
    "Image": "sha256:021b2d5ae9d253f2cca17491cc8d03aed8df3c840f3252066aa62d3277fc406e",
    "RestartCount": 0,
    "Config": {
      "redacted": true,
      "equality_hmac_sha256": "3f75a2c095cd802d369f90341eaeea6f861f74334546f6e0cc4dc7afa9b0d3b2"
    },
    "HostConfig": {
      "redacted": true,
      "equality_hmac_sha256": "b8df7c02e5fcd790feb10f76fd0809b79b7dc58dfaaee1093e532ab882835e32"
    },
    "Mounts": [
      {
        "Destination": "/data/db",
        "redacted": true,
        "equality_hmac_sha256": "418b85412e28dcd2045bcb8aa02cac723b0f750fc4a6bf3c25e1ac78d61d6417"
      },
      {
        "Destination": "/docker-entrypoint-initdb.d/10-subscriber.js",
        "redacted": true,
        "equality_hmac_sha256": "3693fdf720068d1004ecd8fa115f46ce9faddd14ad2dfce5ef18954497ec5cb7"
      },
      {
        "Destination": "/data/configdb",
        "redacted": true,
        "equality_hmac_sha256": "fd78f729696a874d110377b406f6329d215745ea5bd3b6111ab46bd5304d0c31"
      }
    ],
    "State": {
      "StartedAt": "2026-09-05T01:52:34.105334659Z",
      "FinishedAt": "2026-09-05T01:50:57.94762768Z",
      "Running": true,
      "Paused": false,
      "Restarting": false
    }
  },
  {
    "Name": "/cinematic-v-api-gateway-1",
    "Id": "f8d887e1511df00c8090483105761d02e088bd7d11b2f5bd3f7cd57ef4e8bcdb",
    "Image": "sha256:bb04f7c294db8eae1bf22a6640e364d7c530648f8394a11ba9b22d9e0e5c14c1",
    "RestartCount": 0,
    "Config": {
      "redacted": true,
      "equality_hmac_sha256": "17d551defdf12e64cb7ba0ccf8e3679fe853bbd33e98684520b3d930cc7baaf5"
    },
    "HostConfig": {
      "redacted": true,
      "equality_hmac_sha256": "dd100db403c203e0800a82a3886f9e8efccf96f85d43e317b7eea5a5ed6705ae"
    },
    "Mounts": [
      {
        "Destination": "/shared",
        "redacted": true,
        "equality_hmac_sha256": "aad2191eee8ca1a1540dbe1fc6c3b9fe91d1cdd13cd1d93ea8e15e3f7893f473"
      }
    ],
    "State": {
      "StartedAt": "2026-05-16T04:42:23.284881524Z",
      "FinishedAt": "2026-08-24T04:05:09.037080701Z",
      "Running": false,
      "Paused": false,
      "Restarting": false
    }
  },
  {
    "Name": "/cinematic-v-pipeline-worker-1",
    "Id": "a59bbdd20ff37ff7f01b641acad60d4b98dd7752b54c369a501ae66e63d5aacd",
    "Image": "sha256:db7d65404f151a2cb004a4672f716755306d3f183ea3f58da7d7561e99ea0027",
    "RestartCount": 0,
    "Config": {
      "redacted": true,
      "equality_hmac_sha256": "749b74899443151a850b1f4dd82ddb29e85ffc2c500b0f4e8a4e8122306fc8d2"
    },
    "HostConfig": {
      "redacted": true,
      "equality_hmac_sha256": "84719e8057b281e87bd05585c92b5e58f7ce7d13ab87be17ece52576be9a7090"
    },
    "Mounts": [
      {
        "Destination": "/shared",
        "redacted": true,
        "equality_hmac_sha256": "aad2191eee8ca1a1540dbe1fc6c3b9fe91d1cdd13cd1d93ea8e15e3f7893f473"
      }
    ],
    "State": {
      "StartedAt": "2026-05-16T04:13:05.781245952Z",
      "FinishedAt": "2026-08-24T04:05:09.037822333Z",
      "Running": false,
      "Paused": false,
      "Restarting": false
    }
  },
  {
    "Name": "/cinematic-v-minio-setup-1",
    "Id": "7d91776b9b328a684c11640b5e3bbd22adaf21491160c4faf67a6542e37d5bf7",
    "Image": "sha256:a7fe349ef4bd8521fb8497f55c6042871b2ae640607cf99d9bede5e9bdf11727",
    "RestartCount": 0,
    "Config": {
      "redacted": true,
      "equality_hmac_sha256": "44729ca8f1b2f7190c5d00709aac40409cf389937a0bb69099bcc0ae973ecd44"
    },
    "HostConfig": {
      "redacted": true,
      "equality_hmac_sha256": "ac8ce3db2019a3626f69dcd0d65bdca7569d5c519f878cc8fd334d71106ec3c4"
    },
    "Mounts": [],
    "State": {
      "StartedAt": "2026-05-16T04:42:23.084028882Z",
      "FinishedAt": "2026-05-16T04:42:26.410690518Z",
      "Running": false,
      "Paused": false,
      "Restarting": false
    }
  },
  {
    "Name": "/cinematic-v-postgres-1",
    "Id": "e79dca7c073dc34158b34b3748654cf0928d4f3f4c42e4f7dfe246d5ae70313e",
    "Image": "sha256:890480b08124ce7f79960a9bb16fe39729aa302bd384bfd7c408fee6c8f7adb7",
    "RestartCount": 0,
    "Config": {
      "redacted": true,
      "equality_hmac_sha256": "5f8ebe2263511fa864612b4f932b6b9ae3e03051f635fb6cd84037d17610b9e1"
    },
    "HostConfig": {
      "redacted": true,
      "equality_hmac_sha256": "f9db8857d22d6c50d3b2b5c26fe76246d221f8011425d00b5b944067e0af67d9"
    },
    "Mounts": [
      {
        "Destination": "/var/lib/postgresql/data",
        "redacted": true,
        "equality_hmac_sha256": "e3cdb8c020a59d9ae50e79987af20cdd03cf94d1615b2f2422cf39908d07f4c8"
      }
    ],
    "State": {
      "StartedAt": "2026-05-16T03:46:20.301281949Z",
      "FinishedAt": "2026-08-24T04:05:09.037885126Z",
      "Running": false,
      "Paused": false,
      "Restarting": false
    }
  },
  {
    "Name": "/cinematic-v-redis-1",
    "Id": "a14bddf136f8ff25311f5758b91dd2ea2ed52662bc6e8ac51d3fed4a6777d78e",
    "Image": "sha256:6ab0b6e7381779332f97b8ca76193e45b0756f38d4c0dcda72dbb3c32061ab99",
    "RestartCount": 0,
    "Config": {
      "redacted": true,
      "equality_hmac_sha256": "df4187083930a5d01c8df0cb731297a81a22d7dabef2ad5c6de758ddb2c5aa00"
    },
    "HostConfig": {
      "redacted": true,
      "equality_hmac_sha256": "4dfe2d5d3ed6963e459c255e4622230d9e083c56640d48f0f9e5fc96a8c7d76a"
    },
    "Mounts": [
      {
        "Destination": "/data",
        "redacted": true,
        "equality_hmac_sha256": "9ab8b69244264d77b70b6fdc212229490c620f7606192ce2406eeeef9c55b6c9"
      }
    ],
    "State": {
      "StartedAt": "2026-05-16T03:46:20.297157739Z",
      "FinishedAt": "2026-08-24T04:05:09.037932298Z",
      "Running": false,
      "Paused": false,
      "Restarting": false
    }
  },
  {
    "Name": "/cinematic-v-minio-1",
    "Id": "998cde215841abe572e8375ae1c675f4aa59b309f6c949f5e57c838211e26a94",
    "Image": "sha256:14cea493d9a34af32f524e538b8346cf79f3321eff8e708c1e2960462bd8936e",
    "RestartCount": 0,
    "Config": {
      "redacted": true,
      "equality_hmac_sha256": "719a6e40e651b6865ce58db92f1aa48067604af848a1060a43afa48c73077422"
    },
    "HostConfig": {
      "redacted": true,
      "equality_hmac_sha256": "6b05e24fef2e7d1632b8c31c0df055672f86876a90c38b62cf002fa7b1decf54"
    },
    "Mounts": [
      {
        "Destination": "/data",
        "redacted": true,
        "equality_hmac_sha256": "553938c1da404c99e22df3e422ec59384e7bbff2ca5d81cbdc99617811d8bc12"
      }
    ],
    "State": {
      "StartedAt": "2026-05-16T03:46:20.305935934Z",
      "FinishedAt": "2026-08-24T04:05:09.037032028Z",
      "Running": false,
      "Paused": false,
      "Restarting": false
    }
  }
]
