{
  "audit_passed": true,
  "execution_mode": "fixture",
  "protocol_execution_valid": true,
  "completed_trials": 4,
  "commands_replayed": 354,
  "samples_replayed": 33,
  "scope_snapshots": 8,
  "post_packet_counts": [
    {
      "trial": "trace:control-before",
      "received": 15,
      "sent": 15,
      "recovery_15_of_15": true
    },
    {
      "trial": "trace:drop-a",
      "received": 14,
      "sent": 15,
      "recovery_15_of_15": false
    },
    {
      "trial": "trace:drop-b",
      "received": 14,
      "sent": 15,
      "recovery_15_of_15": false
    },
    {
      "trial": "trace:control-after",
      "received": 15,
      "sent": 15,
      "recovery_15_of_15": true
    }
  ],
  "official_image_restored": true,
  "network_fix_validated": false,
  "TNSM_ready": false,
  "evidence_label": "fixture"
}
